// Jest Snapshot v1, https://goo.gl/fbAQLP

exports[`<Clock /> snapshot 1`] = `ReactWrapper {}`;
