// Jest Snapshot v1, https://goo.gl/fbAQLP

exports[`<Form /> snapshot 1`] = `ReactWrapper {}`;
