// Jest Snapshot v1, https://goo.gl/fbAQLP

exports[`<History /> snapshot 1`] = `ShallowWrapper {}`;
