// Jest Snapshot v1, https://goo.gl/fbAQLP

exports[`<Notification /> snapshot 1`] = `ShallowWrapper {}`;
